// Jest Snapshot v1, https://goo.gl/fbAQLP

exports[`Button tests snapshot testing Button componen 1`] = `
<button
  className="sc-bdnxRM gAkMzT"
/>
`;
